⚠ [3389/3403] Replayed QuadraticTangZhang.CenteredRemainder
warning: QuadraticTangZhang/CenteredRemainder.lean:84:58: Unused tactic linter: `ring` does nothing

Note: This linter can be disabled with `set_option linter.unusedTactic false`
warning: QuadraticTangZhang/CenteredRemainder.lean:84:58: this tactic is never executed

Note: This linter can be disabled with `set_option linter.unreachableTactic false`
warning: QuadraticTangZhang/CenteredRemainder.lean:84:25: Used `tac1 <;> tac2` where `(tac1; tac2)` would suffice

Note: This linter can be disabled with `set_option linter.unnecessarySeqFocus false`
warning: QuadraticTangZhang/CenteredRemainder.lean:84:39: Used `tac1 <;> tac2` where `(tac1; tac2)` would suffice

Note: This linter can be disabled with `set_option linter.unnecessarySeqFocus false`
warning: QuadraticTangZhang/CenteredRemainder.lean:100:24: Used `tac1 <;> tac2` where `(tac1; tac2)` would suffice

Note: This linter can be disabled with `set_option linter.unnecessarySeqFocus false`
warning: QuadraticTangZhang/CenteredRemainder.lean:100:38: Used `tac1 <;> tac2` where `(tac1; tac2)` would suffice

Note: This linter can be disabled with `set_option linter.unnecessarySeqFocus false`
warning: QuadraticTangZhang/CenteredRemainder.lean:190:20: Used `tac1 <;> tac2` where `(tac1; tac2)` would suffice

Note: This linter can be disabled with `set_option linter.unnecessarySeqFocus false`
warning: QuadraticTangZhang/CenteredRemainder.lean:190:34: Used `tac1 <;> tac2` where `(tac1; tac2)` would suffice

Note: This linter can be disabled with `set_option linter.unnecessarySeqFocus false`
⚠ [3399/3465] Replayed QuadraticTangZhang.CenteredScalar
warning: QuadraticTangZhang/CenteredScalar.lean:39:20: Used `tac1 <;> tac2` where `(tac1; tac2)` would suffice

Note: This linter can be disabled with `set_option linter.unnecessarySeqFocus false`
warning: QuadraticTangZhang/CenteredScalar.lean:40:74: Used `tac1 <;> tac2` where `(tac1; tac2)` would suffice

Note: This linter can be disabled with `set_option linter.unnecessarySeqFocus false`
warning: QuadraticTangZhang/CenteredScalar.lean:113:25: Used `tac1 <;> tac2` where `(tac1; tac2)` would suffice

Note: This linter can be disabled with `set_option linter.unnecessarySeqFocus false`
warning: QuadraticTangZhang/CenteredScalar.lean:113:53: Used `tac1 <;> tac2` where `(tac1; tac2)` would suffice

Note: This linter can be disabled with `set_option linter.unnecessarySeqFocus false`
warning: QuadraticTangZhang/CenteredScalar.lean:165:40: This simp argument is unused:
  norm_mul

Hint: Omit it from the simp argument list.
  [apply] simp [U, r, abs_of_nonneg ha]

Note: This linter can be disabled with `set_option linter.unusedSimpArgs false`
⚠ [3402/3465] Replayed QuadraticTangZhang.ConvexQuadrature
warning: QuadraticTangZhang/ConvexQuadrature.lean:140:20: Used `tac1 <;> tac2` where `(tac1; tac2)` would suffice

Note: This linter can be disabled with `set_option linter.unnecessarySeqFocus false`
warning: QuadraticTangZhang/ConvexQuadrature.lean:149:20: Used `tac1 <;> tac2` where `(tac1; tac2)` would suffice

Note: This linter can be disabled with `set_option linter.unnecessarySeqFocus false`
⚠ [3403/3465] Replayed QuadraticTangZhang.DyadicSoundness
warning: QuadraticTangZhang/DyadicSoundness.lean:37:5: Variable name `hn` is not explicitly referenced.

Hint: The binding can be removed (if unused) or named `_` (if used implicitly). Alternatively, prefix the name with `_` to silence this warning:
  [apply] _hn

Note: This linter can be disabled with `set_option linter.unusedVariables false`
warning: QuadraticTangZhang/DyadicSoundness.lean:45:5: Variable name `hn` is not explicitly referenced.

Hint: The binding can be removed (if unused) or named `_` (if used implicitly). Alternatively, prefix the name with `_` to silence this warning:
  [apply] _hn

Note: This linter can be disabled with `set_option linter.unusedVariables false`
warning: QuadraticTangZhang/DyadicSoundness.lean:64:27: `dif_neg` has been deprecated: Use `dite_eq_right` instead
warning: QuadraticTangZhang/DyadicSoundness.lean:67:12: `if_pos` has been deprecated: Use `ite_eq_left` instead
warning: QuadraticTangZhang/DyadicSoundness.lean:71:12: `if_neg` has been deprecated: Use `ite_eq_right` instead
warning: QuadraticTangZhang/DyadicSoundness.lean:93:27: `dif_neg` has been deprecated: Use `dite_eq_right` instead
warning: QuadraticTangZhang/DyadicSoundness.lean:96:12: `if_pos` has been deprecated: Use `ite_eq_left` instead
warning: QuadraticTangZhang/DyadicSoundness.lean:100:12: `if_neg` has been deprecated: Use `ite_eq_right` instead
warning: QuadraticTangZhang/DyadicSoundness.lean:187:45: `if_pos` has been deprecated: Use `ite_eq_left` instead
warning: QuadraticTangZhang/DyadicSoundness.lean:189:45: `if_neg` has been deprecated: Use `ite_eq_right` instead
⚠ [3451/3465] Replayed QuadraticTangZhang.RectangleBounds
warning: QuadraticTangZhang/RectangleBounds.lean:18:44: Variable name `hD` is not explicitly referenced.

Hint: The binding can be removed (if unused) or named `_` (if used implicitly). Alternatively, prefix the name with `_` to silence this warning:
  [apply] _hD

Note: This linter can be disabled with `set_option linter.unusedVariables false`
warning: QuadraticTangZhang/RectangleBounds.lean:84:18: Variable name `hR` is not explicitly referenced.

Hint: The binding can be removed (if unused) or named `_` (if used implicitly). Alternatively, prefix the name with `_` to silence this warning:
  [apply] _hR

Note: This linter can be disabled with `set_option linter.unusedVariables false`
⚠ [3453/3465] Replayed QuadraticTangZhang.UniformBounds
warning: QuadraticTangZhang/UniformBounds.lean:34:18: Variable name `hL` is not explicitly referenced.

Hint: The binding can be removed (if unused) or named `_` (if used implicitly). Alternatively, prefix the name with `_` to silence this warning:
  [apply] _hL

Note: This linter can be disabled with `set_option linter.unusedVariables false`
⚠ [3456/3465] Replayed QuadraticTangZhang.CertificateVerifier
warning: QuadraticTangZhang/CertificateVerifier.lean:189:57: This simp argument is unused:
  upperF

Hint: Omit it from the simp argument list.
  [apply] simp only [Rat.cast_sub, Rat.cast_one]

Note: This linter can be disabled with `set_option linter.unusedSimpArgs false`
warning: QuadraticTangZhang/CertificateVerifier.lean:193:57: This simp argument is unused:
  upperE

Hint: Omit it from the simp argument list.
  [apply] simp only [Rat.cast_sub, Rat.cast_one]

Note: This linter can be disabled with `set_option linter.unusedSimpArgs false`
⚠ [3460/3465] Replayed QuadraticTangZhang.CertificateKernel.Compute
warning: QuadraticTangZhang/CertificateKernel/Compute.lean:24:5: Variable name `hn` is not explicitly referenced.

Hint: The binding can be removed (if unused) or named `_` (if used implicitly). Alternatively, prefix the name with `_` to silence this warning:
  [apply] _hn

Note: This linter can be disabled with `set_option linter.unusedVariables false`
warning: QuadraticTangZhang/CertificateKernel/Compute.lean:32:5: Variable name `hn` is not explicitly referenced.

Hint: The binding can be removed (if unused) or named `_` (if used implicitly). Alternatively, prefix the name with `_` to silence this warning:
  [apply] _hn

Note: This linter can be disabled with `set_option linter.unusedVariables false`
⚠ [3461/3465] Replayed QuadraticTangZhang.CertificateKernel.Bridge
warning: QuadraticTangZhang/CertificateKernel/Bridge.lean:13:17: `dif_neg` has been deprecated: Use `dite_eq_right` instead
warning: QuadraticTangZhang/CertificateKernel/Bridge.lean:24:17: `dif_neg` has been deprecated: Use `dite_eq_right` instead
info: QuadraticTangZhang/CertificateKernel/Bridge.lean:88:0: 'QuadraticTangZhang.kernel_checked_record' depends on axioms: [propext, Classical.choice, Quot.sound]
ℹ [3463/3465] Replayed QuadraticTangZhang.CertificateKernel.Tagged
info: QuadraticTangZhang/CertificateKernel/Tagged.lean:38:0: 'QuadraticTangZhangKernel.tagged_checked' depends on axioms: [propext, Classical.choice, Quot.sound]
ℹ [3464/3465] Replayed QuadraticTangZhang.CertificateKernel.Checked24
info: QuadraticTangZhang/CertificateKernel/Checked24.lean:308:0: 'QuadraticTangZhangKernel.record_4627_checked' depends on axioms: [propext, Classical.choice, Quot.sound]
ℹ [3465/3465] Replayed QuadraticTangZhang.Certificate.Checked24
info: QuadraticTangZhang/Certificate/Checked24.lean:41:0: 'QuadraticTangZhang.CertificateData.block_240_checked' depends on axioms: [propext, Classical.choice, Quot.sound]
info: QuadraticTangZhang/Certificate/Checked24.lean:75:0: 'QuadraticTangZhang.CertificateData.block_241_checked' depends on axioms: [propext, Classical.choice, Quot.sound]
info: QuadraticTangZhang/Certificate/Checked24.lean:109:0: 'QuadraticTangZhang.CertificateData.block_242_checked' depends on axioms: [propext, Classical.choice, Quot.sound]
info: QuadraticTangZhang/Certificate/Checked24.lean:143:0: 'QuadraticTangZhang.CertificateData.block_243_checked' depends on axioms: [propext, Classical.choice, Quot.sound]
info: QuadraticTangZhang/Certificate/Checked24.lean:177:0: 'QuadraticTangZhang.CertificateData.block_244_checked' depends on axioms: [propext, Classical.choice, Quot.sound]
info: QuadraticTangZhang/Certificate/Checked24.lean:211:0: 'QuadraticTangZhang.CertificateData.block_245_checked' depends on axioms: [propext, Classical.choice, Quot.sound]
info: QuadraticTangZhang/Certificate/Checked24.lean:245:0: 'QuadraticTangZhang.CertificateData.block_246_checked' depends on axioms: [propext, Classical.choice, Quot.sound]
info: QuadraticTangZhang/Certificate/Checked24.lean:279:0: 'QuadraticTangZhang.CertificateData.block_247_checked' depends on axioms: [propext, Classical.choice, Quot.sound]
info: QuadraticTangZhang/Certificate/Checked24.lean:313:0: 'QuadraticTangZhang.CertificateData.block_248_checked' depends on axioms: [propext, Classical.choice, Quot.sound]
info: QuadraticTangZhang/Certificate/Checked24.lean:347:0: 'QuadraticTangZhang.CertificateData.block_249_checked' depends on axioms: [propext, Classical.choice, Quot.sound]
Build completed successfully (3465 jobs).
